// Jest Snapshot v1, https://goo.gl/fbAQLP

exports[`Probando el componente 1- Debe mostrar <ConunterApp/> correctamente  1`] = `
<div>
  <h2>
    GitExpertApp
  </h2>
  <AppCategory
    categories={
      Array [
        "Dragon Ball",
      ]
    }
    setCategories={[Function]}
  />
  <hr />
  <ol>
    <GifGrid
      category="Dragon Ball"
      key="Dragon Ball"
    />
  </ol>
</div>
`;
